 
****************************************
Report : timing
        -path full
        -delay max
        -max_paths 10
Design : gemm_axi
Version: T-2022.03-SP2
Date   : Mon Dec 29 21:47:30 2025
****************************************

 # A fanout number of 1000 was used for high fanout net computations.

Operating Conditions: typical   Library: NangateOpenCellLibrary
Wire Load Model Mode: top

  Startpoint: arready_reg
              (rising edge-triggered flip-flop)
  Endpoint: arready (output port)
  Path Group: (none)
  Path Type: max

  Des/Clust/Port     Wire Load Model       Library
  ------------------------------------------------
  gemm_axi           5K_hvratio_1_1        NangateOpenCellLibrary

  Point                                    Incr       Path
  -----------------------------------------------------------
  arready_reg/CK (DFFR_X1)                 0.00 #     0.00 r
  arready_reg/Q (DFFR_X1)                  0.11       0.11 r
  arready (out)                            0.00       0.12 r
  data arrival time                                   0.12
  -----------------------------------------------------------
  (Path is unconstrained)


  Startpoint: bvalid_reg (rising edge-triggered flip-flop)
  Endpoint: bvalid (output port)
  Path Group: (none)
  Path Type: max

  Des/Clust/Port     Wire Load Model       Library
  ------------------------------------------------
  gemm_axi           5K_hvratio_1_1        NangateOpenCellLibrary

  Point                                    Incr       Path
  -----------------------------------------------------------
  bvalid_reg/CK (DFFR_X1)                  0.00 #     0.00 r
  bvalid_reg/Q (DFFR_X1)                   0.10       0.10 r
  bvalid (out)                             0.00       0.10 r
  data arrival time                                   0.10
  -----------------------------------------------------------
  (Path is unconstrained)


  Startpoint: rdata_reg[31]
              (rising edge-triggered flip-flop)
  Endpoint: rdata[31] (output port)
  Path Group: (none)
  Path Type: max

  Des/Clust/Port     Wire Load Model       Library
  ------------------------------------------------
  gemm_axi           5K_hvratio_1_1        NangateOpenCellLibrary

  Point                                    Incr       Path
  -----------------------------------------------------------
  rdata_reg[31]/CK (DFFR_X1)               0.00 #     0.00 r
  rdata_reg[31]/Q (DFFR_X1)                0.10       0.10 r
  rdata[31] (out)                          0.00       0.10 r
  data arrival time                                   0.10
  -----------------------------------------------------------
  (Path is unconstrained)


  Startpoint: rdata_reg[30]
              (rising edge-triggered flip-flop)
  Endpoint: rdata[30] (output port)
  Path Group: (none)
  Path Type: max

  Des/Clust/Port     Wire Load Model       Library
  ------------------------------------------------
  gemm_axi           5K_hvratio_1_1        NangateOpenCellLibrary

  Point                                    Incr       Path
  -----------------------------------------------------------
  rdata_reg[30]/CK (DFFR_X1)               0.00 #     0.00 r
  rdata_reg[30]/Q (DFFR_X1)                0.10       0.10 r
  rdata[30] (out)                          0.00       0.10 r
  data arrival time                                   0.10
  -----------------------------------------------------------
  (Path is unconstrained)


  Startpoint: rdata_reg[29]
              (rising edge-triggered flip-flop)
  Endpoint: rdata[29] (output port)
  Path Group: (none)
  Path Type: max

  Des/Clust/Port     Wire Load Model       Library
  ------------------------------------------------
  gemm_axi           5K_hvratio_1_1        NangateOpenCellLibrary

  Point                                    Incr       Path
  -----------------------------------------------------------
  rdata_reg[29]/CK (DFFR_X1)               0.00 #     0.00 r
  rdata_reg[29]/Q (DFFR_X1)                0.10       0.10 r
  rdata[29] (out)                          0.00       0.10 r
  data arrival time                                   0.10
  -----------------------------------------------------------
  (Path is unconstrained)


  Startpoint: rdata_reg[28]
              (rising edge-triggered flip-flop)
  Endpoint: rdata[28] (output port)
  Path Group: (none)
  Path Type: max

  Des/Clust/Port     Wire Load Model       Library
  ------------------------------------------------
  gemm_axi           5K_hvratio_1_1        NangateOpenCellLibrary

  Point                                    Incr       Path
  -----------------------------------------------------------
  rdata_reg[28]/CK (DFFR_X1)               0.00 #     0.00 r
  rdata_reg[28]/Q (DFFR_X1)                0.10       0.10 r
  rdata[28] (out)                          0.00       0.10 r
  data arrival time                                   0.10
  -----------------------------------------------------------
  (Path is unconstrained)


  Startpoint: rdata_reg[27]
              (rising edge-triggered flip-flop)
  Endpoint: rdata[27] (output port)
  Path Group: (none)
  Path Type: max

  Des/Clust/Port     Wire Load Model       Library
  ------------------------------------------------
  gemm_axi           5K_hvratio_1_1        NangateOpenCellLibrary

  Point                                    Incr       Path
  -----------------------------------------------------------
  rdata_reg[27]/CK (DFFR_X1)               0.00 #     0.00 r
  rdata_reg[27]/Q (DFFR_X1)                0.10       0.10 r
  rdata[27] (out)                          0.00       0.10 r
  data arrival time                                   0.10
  -----------------------------------------------------------
  (Path is unconstrained)


  Startpoint: rdata_reg[26]
              (rising edge-triggered flip-flop)
  Endpoint: rdata[26] (output port)
  Path Group: (none)
  Path Type: max

  Des/Clust/Port     Wire Load Model       Library
  ------------------------------------------------
  gemm_axi           5K_hvratio_1_1        NangateOpenCellLibrary

  Point                                    Incr       Path
  -----------------------------------------------------------
  rdata_reg[26]/CK (DFFR_X1)               0.00 #     0.00 r
  rdata_reg[26]/Q (DFFR_X1)                0.10       0.10 r
  rdata[26] (out)                          0.00       0.10 r
  data arrival time                                   0.10
  -----------------------------------------------------------
  (Path is unconstrained)


  Startpoint: rdata_reg[25]
              (rising edge-triggered flip-flop)
  Endpoint: rdata[25] (output port)
  Path Group: (none)
  Path Type: max

  Des/Clust/Port     Wire Load Model       Library
  ------------------------------------------------
  gemm_axi           5K_hvratio_1_1        NangateOpenCellLibrary

  Point                                    Incr       Path
  -----------------------------------------------------------
  rdata_reg[25]/CK (DFFR_X1)               0.00 #     0.00 r
  rdata_reg[25]/Q (DFFR_X1)                0.10       0.10 r
  rdata[25] (out)                          0.00       0.10 r
  data arrival time                                   0.10
  -----------------------------------------------------------
  (Path is unconstrained)


  Startpoint: rdata_reg[24]
              (rising edge-triggered flip-flop)
  Endpoint: rdata[24] (output port)
  Path Group: (none)
  Path Type: max

  Des/Clust/Port     Wire Load Model       Library
  ------------------------------------------------
  gemm_axi           5K_hvratio_1_1        NangateOpenCellLibrary

  Point                                    Incr       Path
  -----------------------------------------------------------
  rdata_reg[24]/CK (DFFR_X1)               0.00 #     0.00 r
  rdata_reg[24]/Q (DFFR_X1)                0.10       0.10 r
  rdata[24] (out)                          0.00       0.10 r
  data arrival time                                   0.10
  -----------------------------------------------------------
  (Path is unconstrained)


1
