 
****************************************
Report : power
        -analysis_effort low
Design : gemm_axi
Version: T-2022.03-SP2
Date   : Mon Dec 29 21:47:30 2025
****************************************


Library(s) Used:

    NangateOpenCellLibrary (File: /home/jjt/install/pdk/nangate45/stdcells.db)


Operating Conditions: typical   Library: NangateOpenCellLibrary
Wire Load Model Mode: top

Design        Wire Load Model            Library
------------------------------------------------
gemm_axi               5K_hvratio_1_1    NangateOpenCellLibrary


Global Operating Voltage = 1.1  
Power-specific unit information :
    Voltage Units = 1V
    Capacitance Units = 1.000000ff
    Time Units = 1ns
    Dynamic Power Units = 1uW    (derived from V,C,T units)
    Leakage Power Units = 1nW


Attributes
----------
i - Including register clock pin internal power


  Cell Internal Power  = 555.0610 uW   (93%)
  Net Switching Power  =  39.5068 uW    (7%)
                         ---------
Total Dynamic Power    = 594.5678 uW  (100%)

Cell Leakage Power     = 283.6767 uW

Information: report_power power group summary does not include estimated clock tree power. (PWR-789)

                 Internal         Switching           Leakage            Total
Power Group      Power            Power               Power              Power   (   %    )  Attrs
--------------------------------------------------------------------------------------------------
io_pad             0.0000            0.0000            0.0000            0.0000  (   0.00%)
memory             0.0000            0.0000            0.0000            0.0000  (   0.00%)
black_box          0.0000            0.0000            0.0000            0.0000  (   0.00%)
clock_network      0.0000            0.0000            0.0000            0.0000  (   0.00%)  i
register           0.0000            0.0000            0.0000            0.0000  (   0.00%)
sequential       526.7874            2.0110        1.1437e+05          643.1663  (  73.23%)
combinational     28.2766           37.4959        1.6931e+05          235.0813  (  26.77%)
--------------------------------------------------------------------------------------------------
Total            555.0640 uW        39.5069 uW     2.8368e+05 nW       878.2477 uW
1
