 
****************************************
Report : area
Design : gemm_axi
Version: T-2022.03-SP2
Date   : Mon Dec 29 21:47:30 2025
****************************************

Information: Updating design information... (UID-85)
Warning: Design 'gemm_axi' contains 1 high-fanout nets. A fanout number of 1000 will be used for delay calculations involving these nets. (TIM-134)
Library(s) Used:

    NangateOpenCellLibrary (File: /home/jjt/install/pdk/nangate45/stdcells.db)

Number of ports:                         3524
Number of nets:                          9388
Number of cells:                         7339
Number of combinational cells:           5861
Number of sequential cells:              1464
Number of macros/black boxes:               0
Number of buf/inv:                       1233
Number of references:                      23

Combinational area:               7242.648111
Buf/Inv area:                      693.728004
Noncombinational area:            6920.255886
Macro/Black Box area:                0.000000
Net Interconnect area:      undefined  (Wire load has zero net area)

Total cell area:                 14162.903997
Total area:                 undefined
1
