 
****************************************
Report : qor
Design : gemm_axi
Version: T-2022.03-SP2
Date   : Mon Dec 29 21:47:30 2025
****************************************


  Timing Path Group (none)
  -----------------------------------
  Levels of Logic:               0.00
  Critical Path Length:          0.12
  Critical Path Slack:         uninit
  Critical Path Clk Period:       n/a
  Total Negative Slack:          0.00
  No. of Violating Paths:        0.00
  Worst Hold Violation:          0.00
  Total Hold Violation:          0.00
  No. of Hold Violations:        0.00
  -----------------------------------


  Cell Count
  -----------------------------------
  Hierarchical Cell Count:         12
  Hierarchical Port Count:       3416
  Leaf Cell Count:               7325
  Buf/Inv Cell Count:            1233
  Buf Cell Count:                 108
  Inv Cell Count:                1125
  CT Buf/Inv Cell Count:            0
  Combinational Cell Count:      5861
  Sequential Cell Count:         1464
  Macro Count:                      0
  -----------------------------------


  Area
  -----------------------------------
  Combinational Area:     7242.648111
  Noncombinational Area:  6920.255886
  Buf/Inv Area:            693.728004
  Total Buffer Area:            92.83
  Total Inverter Area:         600.89
  Macro/Black Box Area:      0.000000
  Net Area:                  0.000000
  -----------------------------------
  Cell Area:             14162.903997
  Design Area:           14162.903997


  Design Rules
  -----------------------------------
  Total Number of Nets:          7931
  Nets With Violations:             0
  Max Trans Violations:             0
  Max Cap Violations:               0
  -----------------------------------


  Hostname: localhost.localdomain

  Compile CPU Statistics
  -----------------------------------------
  Resource Sharing:                    0.57
  Logic Optimization:                  0.54
  Mapping Optimization:                8.48
  -----------------------------------------
  Overall Compile Time:               33.93
  Overall Compile Wall Clock Time:    35.51

  --------------------------------------------------------------------

  Design  WNS: 0.00  TNS: 0.00  Number of Violating Paths: 0


  Design (Hold)  WNS: 0.00  TNS: 0.00  Number of Violating Paths: 0

  --------------------------------------------------------------------


1
