****************************************
Report : design
Design : gemm_axi
Version: T-2022.03
Date   : Mon Dec 29 18:49:11 2025
****************************************

Total number of std cells in library : 0
Total number of dont_use lib cells   : 0
Total number of dont_touch lib cells : 0
Total number of buffers              : 0
Total number of inverters            : 0
Total number of flip-flops           : 0
Total number of latches              : 0
Total number of ICGs                 : 0

Cell Instance Type  Count         Area
--------------------------------------
TOTAL LEAF CELLS     6522    13887.860
Standard cells       6522    13887.860
Hard macro cells        0        0.000
Soft macro cells        0        0.000
Always on cells         0        0.000
Physical only           0        0.000
Fixed cells             0        0.000
Moveable cells       6522    13887.860
Sequential              0        0.000
Buffer/inverter         0        0.000
ICG cells               0        0.000

Logic Hierarchies                    : 1
Design Masters count                 : 38
Total Flat nets count                : 9053
Total FloatingNets count             : 1951
Total no of Ports                    : 110
Number of Master Clocks in design    : 1
Number of Generated Clocks in design : 0
Number of Path Groups in design      : 7 (1 of them Non Default)
Number of Scan Chains in design      : 0
List of Modes                        : default
List of Corners                      : default
List of Scenarios                    : default

Core Area                            : 19710.600
Chip Area                            : 19710.600
Total Site Row Area                  : 19710.600
Number of Blockages                  : 0
Total area of Blockages              : 0.000
Number of Power Domains              : 1
Number of Voltage Areas              : 1
Number of Group Bounds               : 0
Number of Exclusive MoveBounds       : 0
Number of Hard or Soft MoveBounds    : 0
Number of Multibit Registers         : 0
Number of Multibit LS/ISO Cells      : 0
Number of Top Level RP Groups        : 0
Number of Tech Layers                : 21 (11 of them have unknown routing dir.)

Total wire length                    : 0.00 micron
Total number of wires                : 0
Total number of contacts             : 0
1
