****************************************
Report : port
Module : gemm_axi
Mode   : default
Corner : default
Scenario: default
Version: T-2022.03
Date   : Mon Dec 29 18:49:11 2025
****************************************
Attributes:
   I - ideal network
   H - HyperScale context override
                      Pin Cap                    Wire Cap
                   Min          Max           Min          Max
Port      Dir    rise/fall    rise/fall     rise/fall    rise/fall    Attributes
--------------------------------------------------------------------------------
VDD       inout  0.00/0.00    0.00/0.00     0.00/0.00    0.00/0.00    
VSS       inout  0.00/0.00    0.00/0.00     0.00/0.00    0.00/0.00    
aclk      in     0.00/0.00    0.00/0.00     0.00/0.00    0.00/0.00    
araddr[0] in     0.00/0.00    0.00/0.00     0.00/0.00    0.00/0.00    
araddr[10]
          in     0.00/0.00    0.00/0.00     0.00/0.00    0.00/0.00    
araddr[11]
          in     0.00/0.00    0.00/0.00     0.00/0.00    0.00/0.00    
araddr[1] in     0.00/0.00    0.00/0.00     0.00/0.00    0.00/0.00    
araddr[2] in     0.00/0.00    0.00/0.00     0.00/0.00    0.00/0.00    
araddr[3] in     0.00/0.00    0.00/0.00     0.00/0.00    0.00/0.00    
araddr[4] in     0.00/0.00    0.00/0.00     0.00/0.00    0.00/0.00    
araddr[5] in     0.00/0.00    0.00/0.00     0.00/0.00    0.00/0.00    
araddr[6] in     0.00/0.00    0.00/0.00     0.00/0.00    0.00/0.00    
araddr[7] in     0.00/0.00    0.00/0.00     0.00/0.00    0.00/0.00    
araddr[8] in     0.00/0.00    0.00/0.00     0.00/0.00    0.00/0.00    
araddr[9] in     0.00/0.00    0.00/0.00     0.00/0.00    0.00/0.00    
aresetn   in     0.00/0.00    0.00/0.00     0.00/0.00    0.00/0.00    
arready   out    0.00/0.00    0.00/0.00     0.00/0.00    0.00/0.00    
arvalid   in     0.00/0.00    0.00/0.00     0.00/0.00    0.00/0.00    
awaddr[0] in     0.00/0.00    0.00/0.00     0.00/0.00    0.00/0.00    
awaddr[10]
          in     0.00/0.00    0.00/0.00     0.00/0.00    0.00/0.00    
awaddr[11]
          in     0.00/0.00    0.00/0.00     0.00/0.00    0.00/0.00    
awaddr[1] in     0.00/0.00    0.00/0.00     0.00/0.00    0.00/0.00    
awaddr[2] in     0.00/0.00    0.00/0.00     0.00/0.00    0.00/0.00    
awaddr[3] in     0.00/0.00    0.00/0.00     0.00/0.00    0.00/0.00    
awaddr[4] in     0.00/0.00    0.00/0.00     0.00/0.00    0.00/0.00    
awaddr[5] in     0.00/0.00    0.00/0.00     0.00/0.00    0.00/0.00    
awaddr[6] in     0.00/0.00    0.00/0.00     0.00/0.00    0.00/0.00    
awaddr[7] in     0.00/0.00    0.00/0.00     0.00/0.00    0.00/0.00    
awaddr[8] in     0.00/0.00    0.00/0.00     0.00/0.00    0.00/0.00    
awaddr[9] in     0.00/0.00    0.00/0.00     0.00/0.00    0.00/0.00    
awready   out    0.00/0.00    0.00/0.00     0.00/0.00    0.00/0.00    
awvalid   in     0.00/0.00    0.00/0.00     0.00/0.00    0.00/0.00    
bready    in     0.00/0.00    0.00/0.00     0.00/0.00    0.00/0.00    
bresp[0]  out    0.00/0.00    0.00/0.00     0.00/0.00    0.00/0.00    
bresp[1]  out    0.00/0.00    0.00/0.00     0.00/0.00    0.00/0.00    
bvalid    out    0.00/0.00    0.00/0.00     0.00/0.00    0.00/0.00    
rdata[0]  out    0.00/0.00    0.00/0.00     0.00/0.00    0.00/0.00    
rdata[10] out    0.00/0.00    0.00/0.00     0.00/0.00    0.00/0.00    
rdata[11] out    0.00/0.00    0.00/0.00     0.00/0.00    0.00/0.00    
rdata[12] out    0.00/0.00    0.00/0.00     0.00/0.00    0.00/0.00    
rdata[13] out    0.00/0.00    0.00/0.00     0.00/0.00    0.00/0.00    
rdata[14] out    0.00/0.00    0.00/0.00     0.00/0.00    0.00/0.00    
rdata[15] out    0.00/0.00    0.00/0.00     0.00/0.00    0.00/0.00    
rdata[16] out    0.00/0.00    0.00/0.00     0.00/0.00    0.00/0.00    
rdata[17] out    0.00/0.00    0.00/0.00     0.00/0.00    0.00/0.00    
rdata[18] out    0.00/0.00    0.00/0.00     0.00/0.00    0.00/0.00    
rdata[19] out    0.00/0.00    0.00/0.00     0.00/0.00    0.00/0.00    
rdata[1]  out    0.00/0.00    0.00/0.00     0.00/0.00    0.00/0.00    
rdata[20] out    0.00/0.00    0.00/0.00     0.00/0.00    0.00/0.00    
rdata[21] out    0.00/0.00    0.00/0.00     0.00/0.00    0.00/0.00    
rdata[22] out    0.00/0.00    0.00/0.00     0.00/0.00    0.00/0.00    
rdata[23] out    0.00/0.00    0.00/0.00     0.00/0.00    0.00/0.00    
rdata[24] out    0.00/0.00    0.00/0.00     0.00/0.00    0.00/0.00    
rdata[25] out    0.00/0.00    0.00/0.00     0.00/0.00    0.00/0.00    
rdata[26] out    0.00/0.00    0.00/0.00     0.00/0.00    0.00/0.00    
rdata[27] out    0.00/0.00    0.00/0.00     0.00/0.00    0.00/0.00    
rdata[28] out    0.00/0.00    0.00/0.00     0.00/0.00    0.00/0.00    
rdata[29] out    0.00/0.00    0.00/0.00     0.00/0.00    0.00/0.00    
rdata[2]  out    0.00/0.00    0.00/0.00     0.00/0.00    0.00/0.00    
rdata[30] out    0.00/0.00    0.00/0.00     0.00/0.00    0.00/0.00    
rdata[31] out    0.00/0.00    0.00/0.00     0.00/0.00    0.00/0.00    
rdata[3]  out    0.00/0.00    0.00/0.00     0.00/0.00    0.00/0.00    
rdata[4]  out    0.00/0.00    0.00/0.00     0.00/0.00    0.00/0.00    
rdata[5]  out    0.00/0.00    0.00/0.00     0.00/0.00    0.00/0.00    
rdata[6]  out    0.00/0.00    0.00/0.00     0.00/0.00    0.00/0.00    
rdata[7]  out    0.00/0.00    0.00/0.00     0.00/0.00    0.00/0.00    
rdata[8]  out    0.00/0.00    0.00/0.00     0.00/0.00    0.00/0.00    
rdata[9]  out    0.00/0.00    0.00/0.00     0.00/0.00    0.00/0.00    
rready    in     0.00/0.00    0.00/0.00     0.00/0.00    0.00/0.00    
rresp[0]  out    0.00/0.00    0.00/0.00     0.00/0.00    0.00/0.00    
rresp[1]  out    0.00/0.00    0.00/0.00     0.00/0.00    0.00/0.00    
rvalid    out    0.00/0.00    0.00/0.00     0.00/0.00    0.00/0.00    
wdata[0]  in     0.00/0.00    0.00/0.00     0.00/0.00    0.00/0.00    
wdata[10] in     0.00/0.00    0.00/0.00     0.00/0.00    0.00/0.00    
wdata[11] in     0.00/0.00    0.00/0.00     0.00/0.00    0.00/0.00    
wdata[12] in     0.00/0.00    0.00/0.00     0.00/0.00    0.00/0.00    
wdata[13] in     0.00/0.00    0.00/0.00     0.00/0.00    0.00/0.00    
wdata[14] in     0.00/0.00    0.00/0.00     0.00/0.00    0.00/0.00    
wdata[15] in     0.00/0.00    0.00/0.00     0.00/0.00    0.00/0.00    
wdata[16] in     0.00/0.00    0.00/0.00     0.00/0.00    0.00/0.00    
wdata[17] in     0.00/0.00    0.00/0.00     0.00/0.00    0.00/0.00    
wdata[18] in     0.00/0.00    0.00/0.00     0.00/0.00    0.00/0.00    
wdata[19] in     0.00/0.00    0.00/0.00     0.00/0.00    0.00/0.00    
wdata[1]  in     0.00/0.00    0.00/0.00     0.00/0.00    0.00/0.00    
wdata[20] in     0.00/0.00    0.00/0.00     0.00/0.00    0.00/0.00    
wdata[21] in     0.00/0.00    0.00/0.00     0.00/0.00    0.00/0.00    
wdata[22] in     0.00/0.00    0.00/0.00     0.00/0.00    0.00/0.00    
wdata[23] in     0.00/0.00    0.00/0.00     0.00/0.00    0.00/0.00    
wdata[24] in     0.00/0.00    0.00/0.00     0.00/0.00    0.00/0.00    
wdata[25] in     0.00/0.00    0.00/0.00     0.00/0.00    0.00/0.00    
wdata[26] in     0.00/0.00    0.00/0.00     0.00/0.00    0.00/0.00    
wdata[27] in     0.00/0.00    0.00/0.00     0.00/0.00    0.00/0.00    
wdata[28] in     0.00/0.00    0.00/0.00     0.00/0.00    0.00/0.00    
wdata[29] in     0.00/0.00    0.00/0.00     0.00/0.00    0.00/0.00    
wdata[2]  in     0.00/0.00    0.00/0.00     0.00/0.00    0.00/0.00    
wdata[30] in     0.00/0.00    0.00/0.00     0.00/0.00    0.00/0.00    
wdata[31] in     0.00/0.00    0.00/0.00     0.00/0.00    0.00/0.00    
wdata[3]  in     0.00/0.00    0.00/0.00     0.00/0.00    0.00/0.00    
wdata[4]  in     0.00/0.00    0.00/0.00     0.00/0.00    0.00/0.00    
wdata[5]  in     0.00/0.00    0.00/0.00     0.00/0.00    0.00/0.00    
wdata[6]  in     0.00/0.00    0.00/0.00     0.00/0.00    0.00/0.00    
wdata[7]  in     0.00/0.00    0.00/0.00     0.00/0.00    0.00/0.00    
wdata[8]  in     0.00/0.00    0.00/0.00     0.00/0.00    0.00/0.00    
wdata[9]  in     0.00/0.00    0.00/0.00     0.00/0.00    0.00/0.00    
wready    out    0.00/0.00    0.00/0.00     0.00/0.00    0.00/0.00    
wstrb[0]  in     0.00/0.00    0.00/0.00     0.00/0.00    0.00/0.00    
wstrb[1]  in     0.00/0.00    0.00/0.00     0.00/0.00    0.00/0.00    
wstrb[2]  in     0.00/0.00    0.00/0.00     0.00/0.00    0.00/0.00    
wstrb[3]  in     0.00/0.00    0.00/0.00     0.00/0.00    0.00/0.00    
wvalid    in     0.00/0.00    0.00/0.00     0.00/0.00    0.00/0.00    
1
