Information: Propagating switching activity (high effort zero delay simulation). (PWR-6)
Warning: Design has unannotated primary inputs. (PWR-414)
Warning: Design has unannotated sequential cell outputs. (PWR-415)
 
****************************************
Report : power
        -analysis_effort high
Design : gemm_axi
Version: T-2022.03-SP2
Date   : Mon Dec 29 10:44:39 2025
****************************************


Library(s) Used:

    NangateOpenCellLibrary (File: /home/jjt/install/pdk/nangate45/stdcells.db)


Operating Conditions: typical   Library: NangateOpenCellLibrary
Wire Load Model Mode: top

Design        Wire Load Model            Library
------------------------------------------------
gemm_axi               5K_hvratio_1_1    NangateOpenCellLibrary


Global Operating Voltage = 1.1  
Power-specific unit information :
    Voltage Units = 1V
    Capacitance Units = 1.000000ff
    Time Units = 1ns
    Dynamic Power Units = 1uW    (derived from V,C,T units)
    Leakage Power Units = 1nW


Attributes
----------
i - Including register clock pin internal power


  Cell Internal Power  =   1.0009 mW   (99%)
  Net Switching Power  =  11.6658 uW    (1%)
                         ---------
Total Dynamic Power    =   1.0125 mW  (100%)

Cell Leakage Power     = 267.1540 uW


                 Internal         Switching           Leakage            Total
Power Group      Power            Power               Power              Power   (   %    )  Attrs
--------------------------------------------------------------------------------------------------
io_pad             0.0000            0.0000            0.0000            0.0000  (   0.00%)
memory             0.0000            0.0000            0.0000            0.0000  (   0.00%)
black_box          0.0000            0.0000            0.0000            0.0000  (   0.00%)
clock_network    984.0015            0.0000            0.0000            0.0000  (   0.00%)  i
register           5.0902            1.1581        1.1612e+05        1.1064e+03  (  86.46%)
sequential         0.0000            0.0000            0.0000            0.0000  (   0.00%)
combinational     11.7767           10.5076        1.5103e+05          173.3140  (  13.54%)
--------------------------------------------------------------------------------------------------
Total          1.0009e+03 uW        11.6657 uW     2.6715e+05 nW     1.2797e+03 uW
1
