 
****************************************
Report : qor
Design : gemm_axi
Version: T-2022.03-SP2
Date   : Mon Dec 29 10:44:39 2025
****************************************


  Timing Path Group 'clk'
  -----------------------------------
  Levels of Logic:              54.00
  Critical Path Length:          5.15
  Critical Path Slack:           4.71
  Critical Path Clk Period:     10.00
  Total Negative Slack:          0.00
  No. of Violating Paths:        0.00
  Worst Hold Violation:         -0.00
  Total Hold Violation:         -0.00
  No. of Hold Violations:        3.00
  -----------------------------------


  Cell Count
  -----------------------------------
  Hierarchical Cell Count:          1
  Hierarchical Port Count:        464
  Leaf Cell Count:               6522
  Buf/Inv Cell Count:             768
  Buf Cell Count:                  92
  Inv Cell Count:                 676
  CT Buf/Inv Cell Count:            0
  Combinational Cell Count:      5058
  Sequential Cell Count:         1464
  Macro Count:                      0
  -----------------------------------


  Area
  -----------------------------------
  Combinational Area:     6967.604112
  Noncombinational Area:  6920.255886
  Buf/Inv Area:            437.038002
  Total Buffer Area:            76.34
  Total Inverter Area:         360.70
  Macro/Black Box Area:      0.000000
  Net Area:                  0.000000
  -----------------------------------
  Cell Area:             13887.859998
  Design Area:           13887.859998


  Design Rules
  -----------------------------------
  Total Number of Nets:          7104
  Nets With Violations:             0
  Max Trans Violations:             0
  Max Cap Violations:               0
  -----------------------------------


  Hostname: localhost.localdomain

  Compile CPU Statistics
  -----------------------------------------
  Resource Sharing:                    1.16
  Logic Optimization:                  1.19
  Mapping Optimization:                6.86
  -----------------------------------------
  Overall Compile Time:               34.17
  Overall Compile Wall Clock Time:    37.33

  --------------------------------------------------------------------

  Design  WNS: 0.00  TNS: 0.00  Number of Violating Paths: 0


  Design (Hold)  WNS: 0.00  TNS: 0.00  Number of Violating Paths: 3

  --------------------------------------------------------------------


1
